// Jest Snapshot v1, https://goo.gl/fbAQLP

exports[`Bounty renders correctly 1`] = `
<div
  className="sc-gKsewC ibyEsv bounty"
>
  <div
    className="shadow"
  />
  <img />
  <div
    className="stats"
  >
    <div
      className="sc-iBPRYJ kprbaz"
    >
      <h2>
        Get a client
      </h2>
    </div>
    <ul
      className="sc-gsTCUz kZtsAU lifebar"
    >
      <li>
        <span>
          <svg
            aria-hidden="true"
            className="svg-inline--fa fa-heart fa-w-16 sc-bdfBwQ jyRKPL heart"
            data-icon="heart"
            data-prefix="fas"
            focusable="false"
            role="img"
            style={
              Object {
                "color": "#F00",
                "stroke": "none",
              }
            }
            viewBox="0 0 512 512"
            xmlns="http://www.w3.org/2000/svg"
          >
            <path
              d="M462.3 62.6C407.5 15.9 326 24.3 275.7 76.2L256 96.5l-19.7-20.3C186.1 24.3 104.5 15.9 49.7 62.6c-62.8 53.6-66.1 149.8-9.9 207.9l193.5 199.8c12.5 12.9 32.8 12.9 45.3 0l193.5-199.8c56.3-58.1 53-154.3-9.8-207.9z"
              fill="currentColor"
              style={Object {}}
            />
          </svg>
        </span>
      </li>
      <li>
        <span>
          <svg
            aria-hidden="true"
            className="svg-inline--fa fa-heart fa-w-16 sc-bdfBwQ jyRKPL heart"
            data-icon="heart"
            data-prefix="fas"
            focusable="false"
            role="img"
            style={
              Object {
                "color": "#F00",
                "stroke": "none",
              }
            }
            viewBox="0 0 512 512"
            xmlns="http://www.w3.org/2000/svg"
          >
            <path
              d="M462.3 62.6C407.5 15.9 326 24.3 275.7 76.2L256 96.5l-19.7-20.3C186.1 24.3 104.5 15.9 49.7 62.6c-62.8 53.6-66.1 149.8-9.9 207.9l193.5 199.8c12.5 12.9 32.8 12.9 45.3 0l193.5-199.8c56.3-58.1 53-154.3-9.8-207.9z"
              fill="currentColor"
              style={Object {}}
            />
          </svg>
        </span>
      </li>
      <li>
        <span>
          <svg
            aria-hidden="true"
            className="svg-inline--fa fa-heart fa-w-16 sc-bdfBwQ jyRKPL heart"
            data-icon="heart"
            data-prefix="fas"
            focusable="false"
            role="img"
            style={
              Object {
                "color": "rgba(0,0,0,0)",
                "stroke": "#F00",
              }
            }
            viewBox="0 0 512 512"
            xmlns="http://www.w3.org/2000/svg"
          >
            <path
              d="M462.3 62.6C407.5 15.9 326 24.3 275.7 76.2L256 96.5l-19.7-20.3C186.1 24.3 104.5 15.9 49.7 62.6c-62.8 53.6-66.1 149.8-9.9 207.9l193.5 199.8c12.5 12.9 32.8 12.9 45.3 0l193.5-199.8c56.3-58.1 53-154.3-9.8-207.9z"
              fill="currentColor"
              style={Object {}}
            />
          </svg>
        </span>
      </li>
    </ul>
    <svg
      className="sc-dlfnbm bKkAus"
      fill="none"
      height="37"
      version="1.1"
      viewBox="0 0 180 37"
      width="170"
      xmlns="http://www.w3.org/2000/svg"
      xmlnsXlink="http://www.w3.org/1999/xlink"
    >
      <g
        clipPath="url(#clip0)"
      >
        <g
          filter="url(#filter0_d)"
        >
          <path
            d="M14 14hNaNc5.059-.106 4.081 8.083-.793 7H14v-7z"
            fill="url(#linearGradient4670)"
          />
          <path
            d="M14 13h-1v9h-0.5a4.5 4.5 0 000-9z"
            stroke="#fff"
            strokeWidth="2"
          />
        </g>
        <path
          d="M9.5 12.347L5.25 5h7.969z"
          fill="#fff"
          stroke="#fff"
          strokeLinejoin="round"
          strokeWidth="3"
        />
        <path
          d="M9.5 25c4.694 0 8.5-3.655 8.5-8.163 0-4.509-3.806-8.164-8.5-8.164S1 12.328 1 16.837C1 21.345 4.806 25 9.5 25z"
          fill="#fff"
        />
        <path
          d="M10.377 17.632a.81.81 0 00-.253-.605c-.167-.165-.45-.313-.848-.446-.555-.17-.96-.39-1.215-.66-.252-.273-.379-.62-.379-1.04 0-.426.124-.776.371-1.05.25-.273.593-.436 1.028-.488v-.856h.582v.86c.437.06.777.243 1.02.55.244.308.366.728.366 1.262h-.718c0-.367-.088-.659-.262-.875a.86.86 0 00-.707-.324c-.31 0-.547.08-.711.242-.164.16-.246.382-.246.668 0 .266.086.478.258.637.174.156.46.3.855.43.399.127.708.27.93.425.224.154.388.334.492.54.107.205.16.446.16.722 0 .44-.133.794-.398 1.063-.263.268-.633.427-1.11.476v.746h-.578v-.746c-.484-.044-.864-.216-1.14-.515-.274-.302-.41-.711-.41-1.227h.722c0 .362.095.64.285.836.19.195.46.293.809.293.341 0 .61-.082.805-.246.195-.164.292-.388.292-.672z"
          fill="#343a40"
        />
      </g>
      <defs
        id="defs935"
      >
        <filter
          colorInterpolationFilters="sRGB"
          filterUnits="userSpaceOnUse"
          height="19"
          id="filter0_d"
          width="176"
          x="8"
          y="12"
        >
          <feFlood
            floodOpacity="0"
            id="feFlood912"
            result="BackgroundImageFix"
          />
          <feColorMatrix
            id="feColorMatrix914"
            in="SourceAlpha"
            type="matrix"
            values="0 0 0 0 0 0 0 0 0 0 0 0 0 0 0 0 0 0 127 0"
          />
          <feOffset
            dy="4"
            id="feOffset916"
          />
          <feGaussianBlur
            id="feGaussianBlur918"
            stdDeviation="2"
          />
          <feColorMatrix
            id="feColorMatrix920"
            type="matrix"
            values="0 0 0 0 0 0 0 0 0 0 0 0 0 0 0 0 0 0 0.25 0"
          />
          <feBlend
            id="feBlend922"
            in2="BackgroundImageFix"
            mode="normal"
            result="effect1_dropShadow"
          />
          <feBlend
            id="feBlend924"
            in="SourceGraphic"
            in2="effect1_dropShadow"
            mode="normal"
            result="shape"
          />
        </filter>
        <linearGradient
          gradientUnits="userSpaceOnUse"
          id="paint0_linear"
          x1="14"
          x2="178"
          y1="21"
          y2="21"
        >
          <stop
            id="stop927"
            stopColor="#3E8832"
          />
          <stop
            id="stop929"
            offset="1"
            stopColor="#2BC012"
          />
        </linearGradient>
        <clipPath
          id="clip0"
        >
          <path
            d="M0 0h188v37H0V0z"
            fill="#fff"
            id="path932"
          />
        </clipPath>
        <linearGradient
          gradientUnits="userSpaceOnUse"
          id="linearGradient4670"
          x1="14"
          x2="178"
          xlinkHref="#paint0_linear"
          y1="21"
          y2="21"
        />
      </defs>
    </svg>
    <div
      className="sc-hKgILt ehmWwV"
    >
      <svg
        aria-hidden="true"
        className="svg-inline--fa fa-user fa-w-14 sc-eCssSg iyxjrl"
        data-icon="user"
        data-prefix="fas"
        focusable="false"
        role="img"
        style={Object {}}
        viewBox="0 0 448 512"
        xmlns="http://www.w3.org/2000/svg"
      >
        <path
          d="M224 256c70.7 0 128-57.3 128-128S294.7 0 224 0 96 57.3 96 128s57.3 128 128 128zm89.6 32h-16.7c-22.2 10.2-46.9 16-72.9 16s-50.6-5.8-72.9-16h-16.7C60.2 288 0 348.2 0 422.4V464c0 26.5 21.5 48 48 48h352c26.5 0 48-21.5 48-48v-41.6c0-74.2-60.2-134.4-134.4-134.4z"
          fill="currentColor"
          style={Object {}}
        />
      </svg>
      <svg
        className="sc-jSgupP gNtTBT sc-hKgILt kWdQcq"
        fill="none"
        height="37"
        id="svg131"
        version="1.1"
        viewBox="0 0 180 37"
        width="170"
      >
        <g
          clip-path="url(#clip0)"
          id="g121"
          transform="translate(-12,-13.088235)"
        >
          <g
            id="g119"
          >
            <path
              d="m 14,14 h NaN c 5.059,-0.106 4.081,8.083 -0.793,7 H 14 Z"
              fill="url(#paint1_linear)"
              id="path115"
              style={
                Object {
                  "fill": "url(#paint1_linear)",
                }
              }
            />
            <path
              d="m 14,13 h -1 v 9 h NaN a 4.5,4.5 0 0 0 0,-9 z"
              id="path117"
              stroke="#ffffff"
              stroke-width="2"
            />
          </g>
        </g>
        <defs
          id="defs935"
        >
          <linearGradient
            gradientUnits="userSpaceOnUse"
            id="paint1_linear"
            x1="14"
            x2="178"
            y1="21"
            y2="21"
          >
            <stop
              id="stop927"
              stop-color="#0000FF"
            />
            <stop
              id="stop929"
              offset="1"
              stop-color="#3377FF"
            />
          </linearGradient>
          <clipPath
            id="clip0"
          >
            <path
              d="M0 0h188v37H0V0z"
              fill="#fff"
              id="path932"
            />
          </clipPath>
        </defs>
      </svg>
    </div>
  </div>
</div>
`;
